Analysis & Synthesis report for cam
Fri Jun 16 01:16:48 2023
Quartus II 64-Bit Version 13.1.0 Build 162 10/23/2013 SJ Web Edition


---------------------
; Table of Contents ;
---------------------
  1. Legal Notice
  2. Analysis & Synthesis Summary
  3. Analysis & Synthesis Settings
  4. Parallel Compilation
  5. Analysis & Synthesis Source Files Read
  6. Analysis & Synthesis Resource Usage Summary
  7. Analysis & Synthesis Resource Utilization by Entity
  8. Registers Removed During Synthesis
  9. General Register Statistics
 10. Multiplexer Restructuring Statistics (Restructuring Performed)
 11. Elapsed Time Per Partition
 12. Analysis & Synthesis Messages



----------------
; Legal Notice ;
----------------
Copyright (C) 1991-2013 Altera Corporation
Your use of Altera Corporation's design tools, logic functions 
and other software and tools, and its AMPP partner logic 
functions, and any output files from any of the foregoing 
(including device programming or simulation files), and any 
associated documentation or information are expressly subject 
to the terms and conditions of the Altera Program License 
Subscription Agreement, Altera MegaCore Function License 
Agreement, or other applicable license agreement, including, 
without limitation, that your use is for the sole purpose of 
programming logic devices manufactured by Altera and sold by 
Altera or its authorized distributors.  Please refer to the 
applicable agreement for further details.



+---------------------------------------------------------------------------------+
; Analysis & Synthesis Summary                                                    ;
+------------------------------------+--------------------------------------------+
; Analysis & Synthesis Status        ; Successful - Fri Jun 16 01:16:48 2023      ;
; Quartus II 64-Bit Version          ; 13.1.0 Build 162 10/23/2013 SJ Web Edition ;
; Revision Name                      ; cam                                        ;
; Top-level Entity Name              ; cam                                        ;
; Family                             ; Cyclone IV E                               ;
; Total logic elements               ; 1,847                                      ;
;     Total combinational functions  ; 695                                        ;
;     Dedicated logic registers      ; 1,156                                      ;
; Total registers                    ; 1156                                       ;
; Total pins                         ; 164                                        ;
; Total virtual pins                 ; 0                                          ;
; Total memory bits                  ; 0                                          ;
; Embedded Multiplier 9-bit elements ; 0                                          ;
; Total PLLs                         ; 0                                          ;
+------------------------------------+--------------------------------------------+


+----------------------------------------------------------------------------------------------------------------------+
; Analysis & Synthesis Settings                                                                                        ;
+----------------------------------------------------------------------------+--------------------+--------------------+
; Option                                                                     ; Setting            ; Default Value      ;
+----------------------------------------------------------------------------+--------------------+--------------------+
; Device                                                                     ; EP4CE115F29C7      ;                    ;
; Top-level entity name                                                      ; cam                ; cam                ;
; Family name                                                                ; Cyclone IV E       ; Cyclone IV GX      ;
; Use smart compilation                                                      ; Off                ; Off                ;
; Enable parallel Assembler and TimeQuest Timing Analyzer during compilation ; On                 ; On                 ;
; Enable compact report table                                                ; Off                ; Off                ;
; Restructure Multiplexers                                                   ; Auto               ; Auto               ;
; Create Debugging Nodes for IP Cores                                        ; Off                ; Off                ;
; Preserve fewer node names                                                  ; On                 ; On                 ;
; Disable OpenCore Plus hardware evaluation                                  ; Off                ; Off                ;
; Verilog Version                                                            ; Verilog_2001       ; Verilog_2001       ;
; VHDL Version                                                               ; VHDL_1993          ; VHDL_1993          ;
; State Machine Processing                                                   ; Auto               ; Auto               ;
; Safe State Machine                                                         ; Off                ; Off                ;
; Extract Verilog State Machines                                             ; On                 ; On                 ;
; Extract VHDL State Machines                                                ; On                 ; On                 ;
; Ignore Verilog initial constructs                                          ; Off                ; Off                ;
; Iteration limit for constant Verilog loops                                 ; 5000               ; 5000               ;
; Iteration limit for non-constant Verilog loops                             ; 250                ; 250                ;
; Add Pass-Through Logic to Inferred RAMs                                    ; On                 ; On                 ;
; Infer RAMs from Raw Logic                                                  ; On                 ; On                 ;
; Parallel Synthesis                                                         ; On                 ; On                 ;
; DSP Block Balancing                                                        ; Auto               ; Auto               ;
; NOT Gate Push-Back                                                         ; On                 ; On                 ;
; Power-Up Don't Care                                                        ; On                 ; On                 ;
; Remove Redundant Logic Cells                                               ; Off                ; Off                ;
; Remove Duplicate Registers                                                 ; On                 ; On                 ;
; Ignore CARRY Buffers                                                       ; Off                ; Off                ;
; Ignore CASCADE Buffers                                                     ; Off                ; Off                ;
; Ignore GLOBAL Buffers                                                      ; Off                ; Off                ;
; Ignore ROW GLOBAL Buffers                                                  ; Off                ; Off                ;
; Ignore LCELL Buffers                                                       ; Off                ; Off                ;
; Ignore SOFT Buffers                                                        ; On                 ; On                 ;
; Limit AHDL Integers to 32 Bits                                             ; Off                ; Off                ;
; Optimization Technique                                                     ; Balanced           ; Balanced           ;
; Carry Chain Length                                                         ; 70                 ; 70                 ;
; Auto Carry Chains                                                          ; On                 ; On                 ;
; Auto Open-Drain Pins                                                       ; On                 ; On                 ;
; Perform WYSIWYG Primitive Resynthesis                                      ; Off                ; Off                ;
; Auto ROM Replacement                                                       ; On                 ; On                 ;
; Auto RAM Replacement                                                       ; On                 ; On                 ;
; Auto DSP Block Replacement                                                 ; On                 ; On                 ;
; Auto Shift Register Replacement                                            ; Auto               ; Auto               ;
; Allow Shift Register Merging across Hierarchies                            ; Auto               ; Auto               ;
; Auto Clock Enable Replacement                                              ; On                 ; On                 ;
; Strict RAM Replacement                                                     ; Off                ; Off                ;
; Allow Synchronous Control Signals                                          ; On                 ; On                 ;
; Force Use of Synchronous Clear Signals                                     ; Off                ; Off                ;
; Auto RAM Block Balancing                                                   ; On                 ; On                 ;
; Auto RAM to Logic Cell Conversion                                          ; Off                ; Off                ;
; Auto Resource Sharing                                                      ; Off                ; Off                ;
; Allow Any RAM Size For Recognition                                         ; Off                ; Off                ;
; Allow Any ROM Size For Recognition                                         ; Off                ; Off                ;
; Allow Any Shift Register Size For Recognition                              ; Off                ; Off                ;
; Use LogicLock Constraints during Resource Balancing                        ; On                 ; On                 ;
; Ignore translate_off and synthesis_off directives                          ; Off                ; Off                ;
; Timing-Driven Synthesis                                                    ; On                 ; On                 ;
; Report Parameter Settings                                                  ; On                 ; On                 ;
; Report Source Assignments                                                  ; On                 ; On                 ;
; Report Connectivity Checks                                                 ; On                 ; On                 ;
; Ignore Maximum Fan-Out Assignments                                         ; Off                ; Off                ;
; Synchronization Register Chain Length                                      ; 2                  ; 2                  ;
; PowerPlay Power Optimization                                               ; Normal compilation ; Normal compilation ;
; HDL message level                                                          ; Level2             ; Level2             ;
; Suppress Register Optimization Related Messages                            ; Off                ; Off                ;
; Number of Removed Registers Reported in Synthesis Report                   ; 5000               ; 5000               ;
; Number of Swept Nodes Reported in Synthesis Report                         ; 5000               ; 5000               ;
; Number of Inverted Registers Reported in Synthesis Report                  ; 100                ; 100                ;
; Clock MUX Protection                                                       ; On                 ; On                 ;
; Auto Gated Clock Conversion                                                ; Off                ; Off                ;
; Block Design Naming                                                        ; Auto               ; Auto               ;
; SDC constraint protection                                                  ; Off                ; Off                ;
; Synthesis Effort                                                           ; Auto               ; Auto               ;
; Shift Register Replacement - Allow Asynchronous Clear Signal               ; On                 ; On                 ;
; Pre-Mapping Resynthesis Optimization                                       ; Off                ; Off                ;
; Analysis & Synthesis Message Level                                         ; Medium             ; Medium             ;
; Disable Register Merging Across Hierarchies                                ; Auto               ; Auto               ;
; Resource Aware Inference For Block RAM                                     ; On                 ; On                 ;
; Synthesis Seed                                                             ; 1                  ; 1                  ;
+----------------------------------------------------------------------------+--------------------+--------------------+


Parallel compilation was disabled, but you have multiple processors available. Enable parallel compilation to reduce compilation time.
+-------------------------------------+
; Parallel Compilation                ;
+----------------------------+--------+
; Processors                 ; Number ;
+----------------------------+--------+
; Number detected on machine ; 8      ;
; Maximum allowed            ; 1      ;
+----------------------------+--------+


+------------------------------------------------------------------------------------------------------------------------------------------------------------------------------------------+
; Analysis & Synthesis Source Files Read                                                                                                                                                   ;
+----------------------------------+-----------------+-----------------+---------------------------------------------------------------------------------------------------------+---------+
; File Name with User-Entered Path ; Used in Netlist ; File Type       ; File Name with Absolute Path                                                                            ; Library ;
+----------------------------------+-----------------+-----------------+---------------------------------------------------------------------------------------------------------+---------+
; reg_file.vhd                     ; yes             ; User VHDL File  ; F:/installed program/Quartus II/quartus/bin/Altera_SRC/Content Addressable Memory 64bits/reg_file.vhd   ;         ;
; controller.vhd                   ; yes             ; User VHDL File  ; F:/installed program/Quartus II/quartus/bin/Altera_SRC/Content Addressable Memory 64bits/controller.vhd ;         ;
; cam.vhd                          ; yes             ; User VHDL File  ; F:/installed program/Quartus II/quartus/bin/Altera_SRC/Content Addressable Memory 64bits/cam.vhd        ;         ;
+----------------------------------+-----------------+-----------------+---------------------------------------------------------------------------------------------------------+---------+


+---------------------------------------------------------+
; Analysis & Synthesis Resource Usage Summary             ;
+---------------------------------------------+-----------+
; Resource                                    ; Usage     ;
+---------------------------------------------+-----------+
; Estimated Total logic elements              ; 1,847     ;
;                                             ;           ;
; Total combinational functions               ; 695       ;
; Logic element usage by number of LUT inputs ;           ;
;     -- 4 input functions                    ; 687       ;
;     -- 3 input functions                    ; 6         ;
;     -- <=2 input functions                  ; 2         ;
;                                             ;           ;
; Logic elements by mode                      ;           ;
;     -- normal mode                          ; 695       ;
;     -- arithmetic mode                      ; 0         ;
;                                             ;           ;
; Total registers                             ; 1156      ;
;     -- Dedicated logic registers            ; 1156      ;
;     -- I/O registers                        ; 0         ;
;                                             ;           ;
; I/O pins                                    ; 164       ;
; Embedded Multiplier 9-bit elements          ; 0         ;
; Maximum fan-out node                        ; clk~input ;
; Maximum fan-out                             ; 1156      ;
; Total fan-out                               ; 7619      ;
; Average fan-out                             ; 3.50      ;
+---------------------------------------------+-----------+


+--------------------------------------------------------------------------------------------------------------------------------------------------------------------------------------------+
; Analysis & Synthesis Resource Utilization by Entity                                                                                                                                        ;
+--------------------------------+-------------------+--------------+-------------+--------------+---------+-----------+------+--------------+--------------------------------+--------------+
; Compilation Hierarchy Node     ; LC Combinationals ; LC Registers ; Memory Bits ; DSP Elements ; DSP 9x9 ; DSP 18x18 ; Pins ; Virtual Pins ; Full Hierarchy Name            ; Library Name ;
+--------------------------------+-------------------+--------------+-------------+--------------+---------+-----------+------+--------------+--------------------------------+--------------+
; |cam                           ; 695 (0)           ; 1156 (0)     ; 0           ; 0            ; 0       ; 0         ; 164  ; 0            ; |cam                           ; work         ;
;    |controller:cam_controller| ; 165 (165)         ; 388 (388)    ; 0           ; 0            ; 0       ; 0         ; 0    ; 0            ; |cam|controller:cam_controller ; work         ;
;    |reg_file:registerfile|     ; 530 (530)         ; 768 (768)    ; 0           ; 0            ; 0       ; 0         ; 0    ; 0            ; |cam|reg_file:registerfile     ; work         ;
+--------------------------------+-------------------+--------------+-------------+--------------+---------+-----------+------+--------------+--------------------------------+--------------+
Note: For table entries with two numbers listed, the numbers in parentheses indicate the number of resources of the given type used by the specific entity alone. The numbers listed outside of parentheses indicate the total resources of the given type used by the specific entity and all of its sub-entities in the hierarchy.


+-------------------------------------------------------------------------------------------+
; Registers Removed During Synthesis                                                        ;
+-----------------------------------------+-------------------------------------------------+
; Register name                           ; Reason for Removal                              ;
+-----------------------------------------+-------------------------------------------------+
; controller:cam_controller|m_reg[11][8]  ; Merged with reg_file:registerfile|r_reg[15][63] ;
; reg_file:registerfile|r_reg[7][36]      ; Merged with reg_file:registerfile|r_reg[15][63] ;
; controller:cam_controller|m_reg[11][6]  ; Merged with reg_file:registerfile|r_reg[15][63] ;
; reg_file:registerfile|r_reg[11][50]     ; Merged with reg_file:registerfile|r_reg[15][63] ;
; controller:cam_controller|m_reg[11][4]  ; Merged with reg_file:registerfile|r_reg[15][63] ;
; reg_file:registerfile|r_reg[7][34]      ; Merged with reg_file:registerfile|r_reg[15][63] ;
; controller:cam_controller|m_reg[11][2]  ; Merged with reg_file:registerfile|r_reg[15][63] ;
; reg_file:registerfile|r_reg[15][60]     ; Merged with reg_file:registerfile|r_reg[15][63] ;
; controller:cam_controller|m_reg[11][0]  ; Merged with reg_file:registerfile|r_reg[15][63] ;
; reg_file:registerfile|r_reg[7][32]      ; Merged with reg_file:registerfile|r_reg[15][63] ;
; controller:cam_controller|m_reg[7][30]  ; Merged with reg_file:registerfile|r_reg[15][63] ;
; reg_file:registerfile|r_reg[11][48]     ; Merged with reg_file:registerfile|r_reg[15][63] ;
; controller:cam_controller|m_reg[7][28]  ; Merged with reg_file:registerfile|r_reg[15][63] ;
; reg_file:registerfile|r_reg[7][30]      ; Merged with reg_file:registerfile|r_reg[15][63] ;
; controller:cam_controller|m_reg[7][26]  ; Merged with reg_file:registerfile|r_reg[15][63] ;
; reg_file:registerfile|r_reg[15][24]     ; Merged with reg_file:registerfile|r_reg[15][63] ;
; controller:cam_controller|m_reg[7][24]  ; Merged with reg_file:registerfile|r_reg[15][63] ;
; reg_file:registerfile|r_reg[7][28]      ; Merged with reg_file:registerfile|r_reg[15][63] ;
; controller:cam_controller|m_reg[7][22]  ; Merged with reg_file:registerfile|r_reg[15][63] ;
; reg_file:registerfile|r_reg[11][46]     ; Merged with reg_file:registerfile|r_reg[15][63] ;
; controller:cam_controller|m_reg[7][20]  ; Merged with reg_file:registerfile|r_reg[15][63] ;
; reg_file:registerfile|r_reg[7][26]      ; Merged with reg_file:registerfile|r_reg[15][63] ;
; controller:cam_controller|m_reg[7][18]  ; Merged with reg_file:registerfile|r_reg[15][63] ;
; reg_file:registerfile|r_reg[15][44]     ; Merged with reg_file:registerfile|r_reg[15][63] ;
; controller:cam_controller|m_reg[7][16]  ; Merged with reg_file:registerfile|r_reg[15][63] ;
; reg_file:registerfile|r_reg[7][24]      ; Merged with reg_file:registerfile|r_reg[15][63] ;
; controller:cam_controller|m_reg[7][14]  ; Merged with reg_file:registerfile|r_reg[15][63] ;
; reg_file:registerfile|r_reg[11][44]     ; Merged with reg_file:registerfile|r_reg[15][63] ;
; controller:cam_controller|m_reg[7][12]  ; Merged with reg_file:registerfile|r_reg[15][63] ;
; reg_file:registerfile|r_reg[7][22]      ; Merged with reg_file:registerfile|r_reg[15][63] ;
; controller:cam_controller|m_reg[7][10]  ; Merged with reg_file:registerfile|r_reg[15][63] ;
; reg_file:registerfile|r_reg[15][22]     ; Merged with reg_file:registerfile|r_reg[15][63] ;
; controller:cam_controller|m_reg[7][8]   ; Merged with reg_file:registerfile|r_reg[15][63] ;
; reg_file:registerfile|r_reg[7][20]      ; Merged with reg_file:registerfile|r_reg[15][63] ;
; controller:cam_controller|m_reg[7][6]   ; Merged with reg_file:registerfile|r_reg[15][63] ;
; reg_file:registerfile|r_reg[11][42]     ; Merged with reg_file:registerfile|r_reg[15][63] ;
; controller:cam_controller|m_reg[7][4]   ; Merged with reg_file:registerfile|r_reg[15][63] ;
; reg_file:registerfile|r_reg[7][18]      ; Merged with reg_file:registerfile|r_reg[15][63] ;
; controller:cam_controller|m_reg[7][2]   ; Merged with reg_file:registerfile|r_reg[15][63] ;
; reg_file:registerfile|r_reg[15][54]     ; Merged with reg_file:registerfile|r_reg[15][63] ;
; controller:cam_controller|m_reg[7][0]   ; Merged with reg_file:registerfile|r_reg[15][63] ;
; reg_file:registerfile|r_reg[7][16]      ; Merged with reg_file:registerfile|r_reg[15][63] ;
; controller:cam_controller|m_reg[3][30]  ; Merged with reg_file:registerfile|r_reg[15][63] ;
; reg_file:registerfile|r_reg[11][40]     ; Merged with reg_file:registerfile|r_reg[15][63] ;
; controller:cam_controller|m_reg[3][28]  ; Merged with reg_file:registerfile|r_reg[15][63] ;
; reg_file:registerfile|r_reg[7][14]      ; Merged with reg_file:registerfile|r_reg[15][63] ;
; controller:cam_controller|m_reg[3][26]  ; Merged with reg_file:registerfile|r_reg[15][63] ;
; reg_file:registerfile|r_reg[15][20]     ; Merged with reg_file:registerfile|r_reg[15][63] ;
; controller:cam_controller|m_reg[3][24]  ; Merged with reg_file:registerfile|r_reg[15][63] ;
; reg_file:registerfile|r_reg[7][12]      ; Merged with reg_file:registerfile|r_reg[15][63] ;
; controller:cam_controller|m_reg[3][22]  ; Merged with reg_file:registerfile|r_reg[15][63] ;
; reg_file:registerfile|r_reg[11][38]     ; Merged with reg_file:registerfile|r_reg[15][63] ;
; controller:cam_controller|m_reg[3][20]  ; Merged with reg_file:registerfile|r_reg[15][63] ;
; reg_file:registerfile|r_reg[7][10]      ; Merged with reg_file:registerfile|r_reg[15][63] ;
; controller:cam_controller|m_reg[3][18]  ; Merged with reg_file:registerfile|r_reg[15][63] ;
; reg_file:registerfile|r_reg[15][42]     ; Merged with reg_file:registerfile|r_reg[15][63] ;
; controller:cam_controller|m_reg[3][16]  ; Merged with reg_file:registerfile|r_reg[15][63] ;
; reg_file:registerfile|r_reg[7][8]       ; Merged with reg_file:registerfile|r_reg[15][63] ;
; controller:cam_controller|m_reg[3][14]  ; Merged with reg_file:registerfile|r_reg[15][63] ;
; reg_file:registerfile|r_reg[11][36]     ; Merged with reg_file:registerfile|r_reg[15][63] ;
; controller:cam_controller|m_reg[3][12]  ; Merged with reg_file:registerfile|r_reg[15][63] ;
; reg_file:registerfile|r_reg[7][6]       ; Merged with reg_file:registerfile|r_reg[15][63] ;
; controller:cam_controller|m_reg[3][10]  ; Merged with reg_file:registerfile|r_reg[15][63] ;
; reg_file:registerfile|r_reg[15][18]     ; Merged with reg_file:registerfile|r_reg[15][63] ;
; controller:cam_controller|m_reg[3][8]   ; Merged with reg_file:registerfile|r_reg[15][63] ;
; reg_file:registerfile|r_reg[7][4]       ; Merged with reg_file:registerfile|r_reg[15][63] ;
; controller:cam_controller|m_reg[3][6]   ; Merged with reg_file:registerfile|r_reg[15][63] ;
; reg_file:registerfile|r_reg[11][34]     ; Merged with reg_file:registerfile|r_reg[15][63] ;
; controller:cam_controller|m_reg[3][4]   ; Merged with reg_file:registerfile|r_reg[15][63] ;
; reg_file:registerfile|r_reg[7][2]       ; Merged with reg_file:registerfile|r_reg[15][63] ;
; controller:cam_controller|m_reg[3][2]   ; Merged with reg_file:registerfile|r_reg[15][63] ;
; reg_file:registerfile|r_reg[15][62]     ; Merged with reg_file:registerfile|r_reg[15][63] ;
; reg_file:registerfile|r_reg[7][0]       ; Merged with reg_file:registerfile|r_reg[15][63] ;
; reg_file:registerfile|r_reg[15][61]     ; Merged with reg_file:registerfile|r_reg[15][63] ;
; reg_file:registerfile|r_reg[15][57]     ; Merged with reg_file:registerfile|r_reg[15][63] ;
; reg_file:registerfile|r_reg[15][49]     ; Merged with reg_file:registerfile|r_reg[15][63] ;
; reg_file:registerfile|r_reg[15][33]     ; Merged with reg_file:registerfile|r_reg[15][63] ;
; reg_file:registerfile|r_reg[15][1]      ; Merged with reg_file:registerfile|r_reg[15][63] ;
; reg_file:registerfile|r_reg[11][1]      ; Merged with reg_file:registerfile|r_reg[15][63] ;
; reg_file:registerfile|r_reg[3][1]       ; Merged with reg_file:registerfile|r_reg[15][63] ;
; reg_file:registerfile|r_reg[3][39]      ; Merged with reg_file:registerfile|r_reg[15][59] ;
; reg_file:registerfile|r_reg[11][19]     ; Merged with reg_file:registerfile|r_reg[15][59] ;
; reg_file:registerfile|r_reg[3][35]      ; Merged with reg_file:registerfile|r_reg[15][59] ;
; reg_file:registerfile|r_reg[15][51]     ; Merged with reg_file:registerfile|r_reg[15][59] ;
; reg_file:registerfile|r_reg[3][31]      ; Merged with reg_file:registerfile|r_reg[15][59] ;
; reg_file:registerfile|r_reg[11][15]     ; Merged with reg_file:registerfile|r_reg[15][59] ;
; reg_file:registerfile|r_reg[3][27]      ; Merged with reg_file:registerfile|r_reg[15][59] ;
; reg_file:registerfile|r_reg[15][7]      ; Merged with reg_file:registerfile|r_reg[15][59] ;
; reg_file:registerfile|r_reg[3][23]      ; Merged with reg_file:registerfile|r_reg[15][59] ;
; reg_file:registerfile|r_reg[11][11]     ; Merged with reg_file:registerfile|r_reg[15][59] ;
; reg_file:registerfile|r_reg[3][19]      ; Merged with reg_file:registerfile|r_reg[15][59] ;
; reg_file:registerfile|r_reg[15][35]     ; Merged with reg_file:registerfile|r_reg[15][59] ;
; reg_file:registerfile|r_reg[3][15]      ; Merged with reg_file:registerfile|r_reg[15][59] ;
; reg_file:registerfile|r_reg[11][7]      ; Merged with reg_file:registerfile|r_reg[15][59] ;
; reg_file:registerfile|r_reg[3][11]      ; Merged with reg_file:registerfile|r_reg[15][59] ;
; reg_file:registerfile|r_reg[15][3]      ; Merged with reg_file:registerfile|r_reg[15][59] ;
; reg_file:registerfile|r_reg[3][7]       ; Merged with reg_file:registerfile|r_reg[15][59] ;
; reg_file:registerfile|r_reg[11][3]      ; Merged with reg_file:registerfile|r_reg[15][59] ;
; controller:cam_controller|m_reg[15][31] ; Merged with reg_file:registerfile|r_reg[15][59] ;
; reg_file:registerfile|r_reg[3][3]       ; Merged with reg_file:registerfile|r_reg[15][59] ;
; reg_file:registerfile|r_reg[7][63]      ; Merged with reg_file:registerfile|r_reg[15][59] ;
; controller:cam_controller|m_reg[15][27] ; Merged with reg_file:registerfile|r_reg[15][59] ;
; reg_file:registerfile|r_reg[11][63]     ; Merged with reg_file:registerfile|r_reg[15][59] ;
; controller:cam_controller|m_reg[15][23] ; Merged with reg_file:registerfile|r_reg[15][59] ;
; reg_file:registerfile|r_reg[7][59]      ; Merged with reg_file:registerfile|r_reg[15][59] ;
; controller:cam_controller|m_reg[15][19] ; Merged with reg_file:registerfile|r_reg[15][59] ;
; reg_file:registerfile|r_reg[15][31]     ; Merged with reg_file:registerfile|r_reg[15][59] ;
; controller:cam_controller|m_reg[15][15] ; Merged with reg_file:registerfile|r_reg[15][59] ;
; reg_file:registerfile|r_reg[7][55]      ; Merged with reg_file:registerfile|r_reg[15][59] ;
; controller:cam_controller|m_reg[15][11] ; Merged with reg_file:registerfile|r_reg[15][59] ;
; reg_file:registerfile|r_reg[11][59]     ; Merged with reg_file:registerfile|r_reg[15][59] ;
; controller:cam_controller|m_reg[15][7]  ; Merged with reg_file:registerfile|r_reg[15][59] ;
; reg_file:registerfile|r_reg[7][51]      ; Merged with reg_file:registerfile|r_reg[15][59] ;
; controller:cam_controller|m_reg[15][3]  ; Merged with reg_file:registerfile|r_reg[15][59] ;
; reg_file:registerfile|r_reg[15][47]     ; Merged with reg_file:registerfile|r_reg[15][59] ;
; controller:cam_controller|m_reg[11][31] ; Merged with reg_file:registerfile|r_reg[15][59] ;
; reg_file:registerfile|r_reg[7][47]      ; Merged with reg_file:registerfile|r_reg[15][59] ;
; controller:cam_controller|m_reg[11][27] ; Merged with reg_file:registerfile|r_reg[15][59] ;
; reg_file:registerfile|r_reg[11][55]     ; Merged with reg_file:registerfile|r_reg[15][59] ;
; controller:cam_controller|m_reg[11][23] ; Merged with reg_file:registerfile|r_reg[15][59] ;
; reg_file:registerfile|r_reg[7][43]      ; Merged with reg_file:registerfile|r_reg[15][59] ;
; controller:cam_controller|m_reg[11][19] ; Merged with reg_file:registerfile|r_reg[15][59] ;
; reg_file:registerfile|r_reg[15][27]     ; Merged with reg_file:registerfile|r_reg[15][59] ;
; controller:cam_controller|m_reg[11][15] ; Merged with reg_file:registerfile|r_reg[15][59] ;
; reg_file:registerfile|r_reg[7][39]      ; Merged with reg_file:registerfile|r_reg[15][59] ;
; controller:cam_controller|m_reg[11][11] ; Merged with reg_file:registerfile|r_reg[15][59] ;
; reg_file:registerfile|r_reg[11][51]     ; Merged with reg_file:registerfile|r_reg[15][59] ;
; controller:cam_controller|m_reg[11][7]  ; Merged with reg_file:registerfile|r_reg[15][59] ;
; reg_file:registerfile|r_reg[7][35]      ; Merged with reg_file:registerfile|r_reg[15][59] ;
; controller:cam_controller|m_reg[11][3]  ; Merged with reg_file:registerfile|r_reg[15][59] ;
; reg_file:registerfile|r_reg[15][55]     ; Merged with reg_file:registerfile|r_reg[15][59] ;
; controller:cam_controller|m_reg[7][31]  ; Merged with reg_file:registerfile|r_reg[15][59] ;
; reg_file:registerfile|r_reg[7][31]      ; Merged with reg_file:registerfile|r_reg[15][59] ;
; controller:cam_controller|m_reg[7][27]  ; Merged with reg_file:registerfile|r_reg[15][59] ;
; reg_file:registerfile|r_reg[11][47]     ; Merged with reg_file:registerfile|r_reg[15][59] ;
; controller:cam_controller|m_reg[7][23]  ; Merged with reg_file:registerfile|r_reg[15][59] ;
; reg_file:registerfile|r_reg[7][27]      ; Merged with reg_file:registerfile|r_reg[15][59] ;
; controller:cam_controller|m_reg[7][19]  ; Merged with reg_file:registerfile|r_reg[15][59] ;
; reg_file:registerfile|r_reg[15][23]     ; Merged with reg_file:registerfile|r_reg[15][59] ;
; controller:cam_controller|m_reg[7][15]  ; Merged with reg_file:registerfile|r_reg[15][59] ;
; reg_file:registerfile|r_reg[7][23]      ; Merged with reg_file:registerfile|r_reg[15][59] ;
; controller:cam_controller|m_reg[7][11]  ; Merged with reg_file:registerfile|r_reg[15][59] ;
; reg_file:registerfile|r_reg[11][43]     ; Merged with reg_file:registerfile|r_reg[15][59] ;
; controller:cam_controller|m_reg[7][7]   ; Merged with reg_file:registerfile|r_reg[15][59] ;
; reg_file:registerfile|r_reg[7][19]      ; Merged with reg_file:registerfile|r_reg[15][59] ;
; controller:cam_controller|m_reg[7][3]   ; Merged with reg_file:registerfile|r_reg[15][59] ;
; reg_file:registerfile|r_reg[15][43]     ; Merged with reg_file:registerfile|r_reg[15][59] ;
; controller:cam_controller|m_reg[3][31]  ; Merged with reg_file:registerfile|r_reg[15][59] ;
; reg_file:registerfile|r_reg[7][15]      ; Merged with reg_file:registerfile|r_reg[15][59] ;
; controller:cam_controller|m_reg[3][27]  ; Merged with reg_file:registerfile|r_reg[15][59] ;
; reg_file:registerfile|r_reg[11][39]     ; Merged with reg_file:registerfile|r_reg[15][59] ;
; controller:cam_controller|m_reg[3][23]  ; Merged with reg_file:registerfile|r_reg[15][59] ;
; reg_file:registerfile|r_reg[7][11]      ; Merged with reg_file:registerfile|r_reg[15][59] ;
; controller:cam_controller|m_reg[3][19]  ; Merged with reg_file:registerfile|r_reg[15][59] ;
; reg_file:registerfile|r_reg[15][19]     ; Merged with reg_file:registerfile|r_reg[15][59] ;
; controller:cam_controller|m_reg[3][15]  ; Merged with reg_file:registerfile|r_reg[15][59] ;
; reg_file:registerfile|r_reg[7][7]       ; Merged with reg_file:registerfile|r_reg[15][59] ;
; controller:cam_controller|m_reg[3][11]  ; Merged with reg_file:registerfile|r_reg[15][59] ;
; reg_file:registerfile|r_reg[11][35]     ; Merged with reg_file:registerfile|r_reg[15][59] ;
; controller:cam_controller|m_reg[3][7]   ; Merged with reg_file:registerfile|r_reg[15][59] ;
; reg_file:registerfile|r_reg[7][3]       ; Merged with reg_file:registerfile|r_reg[15][59] ;
; controller:cam_controller|m_reg[3][3]   ; Merged with reg_file:registerfile|r_reg[15][59] ;
; controller:cam_controller|m_reg[3][0]   ; Merged with reg_file:registerfile|r_reg[15][59] ;
; reg_file:registerfile|r_reg[11][32]     ; Merged with reg_file:registerfile|r_reg[15][59] ;
; reg_file:registerfile|r_reg[3][62]      ; Merged with reg_file:registerfile|r_reg[15][59] ;
; reg_file:registerfile|r_reg[15][16]     ; Merged with reg_file:registerfile|r_reg[15][59] ;
; reg_file:registerfile|r_reg[3][60]      ; Merged with reg_file:registerfile|r_reg[15][59] ;
; reg_file:registerfile|r_reg[11][30]     ; Merged with reg_file:registerfile|r_reg[15][59] ;
; reg_file:registerfile|r_reg[3][58]      ; Merged with reg_file:registerfile|r_reg[15][59] ;
; reg_file:registerfile|r_reg[15][40]     ; Merged with reg_file:registerfile|r_reg[15][59] ;
; reg_file:registerfile|r_reg[3][56]      ; Merged with reg_file:registerfile|r_reg[15][59] ;
; reg_file:registerfile|r_reg[11][28]     ; Merged with reg_file:registerfile|r_reg[15][59] ;
; reg_file:registerfile|r_reg[3][54]      ; Merged with reg_file:registerfile|r_reg[15][59] ;
; reg_file:registerfile|r_reg[15][14]     ; Merged with reg_file:registerfile|r_reg[15][59] ;
; reg_file:registerfile|r_reg[3][52]      ; Merged with reg_file:registerfile|r_reg[15][59] ;
; reg_file:registerfile|r_reg[11][26]     ; Merged with reg_file:registerfile|r_reg[15][59] ;
; reg_file:registerfile|r_reg[3][50]      ; Merged with reg_file:registerfile|r_reg[15][59] ;
; reg_file:registerfile|r_reg[15][52]     ; Merged with reg_file:registerfile|r_reg[15][59] ;
; reg_file:registerfile|r_reg[3][48]      ; Merged with reg_file:registerfile|r_reg[15][59] ;
; reg_file:registerfile|r_reg[11][24]     ; Merged with reg_file:registerfile|r_reg[15][59] ;
; reg_file:registerfile|r_reg[3][46]      ; Merged with reg_file:registerfile|r_reg[15][58] ;
; reg_file:registerfile|r_reg[15][12]     ; Merged with reg_file:registerfile|r_reg[15][58] ;
; reg_file:registerfile|r_reg[3][44]      ; Merged with reg_file:registerfile|r_reg[15][58] ;
; reg_file:registerfile|r_reg[11][22]     ; Merged with reg_file:registerfile|r_reg[15][58] ;
; reg_file:registerfile|r_reg[3][42]      ; Merged with reg_file:registerfile|r_reg[15][58] ;
; reg_file:registerfile|r_reg[15][38]     ; Merged with reg_file:registerfile|r_reg[15][58] ;
; reg_file:registerfile|r_reg[3][40]      ; Merged with reg_file:registerfile|r_reg[15][58] ;
; reg_file:registerfile|r_reg[11][20]     ; Merged with reg_file:registerfile|r_reg[15][58] ;
; reg_file:registerfile|r_reg[3][38]      ; Merged with reg_file:registerfile|r_reg[15][58] ;
; reg_file:registerfile|r_reg[15][10]     ; Merged with reg_file:registerfile|r_reg[15][58] ;
; reg_file:registerfile|r_reg[3][36]      ; Merged with reg_file:registerfile|r_reg[15][58] ;
; reg_file:registerfile|r_reg[11][18]     ; Merged with reg_file:registerfile|r_reg[15][58] ;
; reg_file:registerfile|r_reg[3][34]      ; Merged with reg_file:registerfile|r_reg[15][58] ;
; reg_file:registerfile|r_reg[3][32]      ; Merged with reg_file:registerfile|r_reg[15][58] ;
; reg_file:registerfile|r_reg[11][16]     ; Merged with reg_file:registerfile|r_reg[15][58] ;
; reg_file:registerfile|r_reg[3][30]      ; Merged with reg_file:registerfile|r_reg[15][58] ;
; reg_file:registerfile|r_reg[15][8]      ; Merged with reg_file:registerfile|r_reg[15][58] ;
; reg_file:registerfile|r_reg[3][28]      ; Merged with reg_file:registerfile|r_reg[15][58] ;
; reg_file:registerfile|r_reg[11][14]     ; Merged with reg_file:registerfile|r_reg[15][58] ;
; reg_file:registerfile|r_reg[3][26]      ; Merged with reg_file:registerfile|r_reg[15][58] ;
; reg_file:registerfile|r_reg[15][36]     ; Merged with reg_file:registerfile|r_reg[15][58] ;
; reg_file:registerfile|r_reg[3][24]      ; Merged with reg_file:registerfile|r_reg[15][58] ;
; reg_file:registerfile|r_reg[11][12]     ; Merged with reg_file:registerfile|r_reg[15][58] ;
; reg_file:registerfile|r_reg[3][22]      ; Merged with reg_file:registerfile|r_reg[15][58] ;
; reg_file:registerfile|r_reg[15][6]      ; Merged with reg_file:registerfile|r_reg[15][58] ;
; reg_file:registerfile|r_reg[3][20]      ; Merged with reg_file:registerfile|r_reg[15][58] ;
; reg_file:registerfile|r_reg[11][10]     ; Merged with reg_file:registerfile|r_reg[15][58] ;
; reg_file:registerfile|r_reg[3][18]      ; Merged with reg_file:registerfile|r_reg[15][58] ;
; reg_file:registerfile|r_reg[15][50]     ; Merged with reg_file:registerfile|r_reg[15][58] ;
; reg_file:registerfile|r_reg[3][16]      ; Merged with reg_file:registerfile|r_reg[15][58] ;
; reg_file:registerfile|r_reg[11][8]      ; Merged with reg_file:registerfile|r_reg[15][58] ;
; reg_file:registerfile|r_reg[3][14]      ; Merged with reg_file:registerfile|r_reg[15][58] ;
; reg_file:registerfile|r_reg[15][4]      ; Merged with reg_file:registerfile|r_reg[15][58] ;
; reg_file:registerfile|r_reg[3][12]      ; Merged with reg_file:registerfile|r_reg[15][58] ;
; reg_file:registerfile|r_reg[11][6]      ; Merged with reg_file:registerfile|r_reg[15][58] ;
; reg_file:registerfile|r_reg[3][10]      ; Merged with reg_file:registerfile|r_reg[15][58] ;
; reg_file:registerfile|r_reg[15][34]     ; Merged with reg_file:registerfile|r_reg[15][58] ;
; reg_file:registerfile|r_reg[3][8]       ; Merged with reg_file:registerfile|r_reg[15][58] ;
; reg_file:registerfile|r_reg[11][4]      ; Merged with reg_file:registerfile|r_reg[15][58] ;
; reg_file:registerfile|r_reg[3][6]       ; Merged with reg_file:registerfile|r_reg[15][58] ;
; reg_file:registerfile|r_reg[15][2]      ; Merged with reg_file:registerfile|r_reg[15][58] ;
; reg_file:registerfile|r_reg[3][4]       ; Merged with reg_file:registerfile|r_reg[15][58] ;
; reg_file:registerfile|r_reg[11][2]      ; Merged with reg_file:registerfile|r_reg[15][58] ;
; reg_file:registerfile|r_reg[3][0]       ; Merged with reg_file:registerfile|r_reg[15][58] ;
; reg_file:registerfile|r_reg[3][2]       ; Merged with reg_file:registerfile|r_reg[15][58] ;
; reg_file:registerfile|r_reg[11][0]      ; Merged with reg_file:registerfile|r_reg[15][58] ;
; controller:cam_controller|m_reg[15][30] ; Merged with reg_file:registerfile|r_reg[15][58] ;
; reg_file:registerfile|r_reg[15][0]      ; Merged with reg_file:registerfile|r_reg[15][58] ;
; controller:cam_controller|m_reg[15][28] ; Merged with reg_file:registerfile|r_reg[15][58] ;
; reg_file:registerfile|r_reg[7][62]      ; Merged with reg_file:registerfile|r_reg[15][58] ;
; controller:cam_controller|m_reg[15][26] ; Merged with reg_file:registerfile|r_reg[15][58] ;
; reg_file:registerfile|r_reg[15][32]     ; Merged with reg_file:registerfile|r_reg[15][58] ;
; controller:cam_controller|m_reg[15][24] ; Merged with reg_file:registerfile|r_reg[15][58] ;
; reg_file:registerfile|r_reg[7][60]      ; Merged with reg_file:registerfile|r_reg[15][58] ;
; controller:cam_controller|m_reg[15][22] ; Merged with reg_file:registerfile|r_reg[15][58] ;
; reg_file:registerfile|r_reg[11][62]     ; Merged with reg_file:registerfile|r_reg[15][58] ;
; controller:cam_controller|m_reg[15][20] ; Merged with reg_file:registerfile|r_reg[15][58] ;
; reg_file:registerfile|r_reg[7][58]      ; Merged with reg_file:registerfile|r_reg[15][58] ;
; controller:cam_controller|m_reg[15][18] ; Merged with reg_file:registerfile|r_reg[15][58] ;
; reg_file:registerfile|r_reg[15][48]     ; Merged with reg_file:registerfile|r_reg[15][58] ;
; controller:cam_controller|m_reg[15][16] ; Merged with reg_file:registerfile|r_reg[15][58] ;
; reg_file:registerfile|r_reg[7][56]      ; Merged with reg_file:registerfile|r_reg[15][58] ;
; controller:cam_controller|m_reg[15][14] ; Merged with reg_file:registerfile|r_reg[15][58] ;
; reg_file:registerfile|r_reg[11][60]     ; Merged with reg_file:registerfile|r_reg[15][58] ;
; controller:cam_controller|m_reg[15][12] ; Merged with reg_file:registerfile|r_reg[15][58] ;
; reg_file:registerfile|r_reg[7][54]      ; Merged with reg_file:registerfile|r_reg[15][58] ;
; controller:cam_controller|m_reg[15][10] ; Merged with reg_file:registerfile|r_reg[15][58] ;
; reg_file:registerfile|r_reg[15][30]     ; Merged with reg_file:registerfile|r_reg[15][58] ;
; controller:cam_controller|m_reg[15][8]  ; Merged with reg_file:registerfile|r_reg[15][58] ;
; reg_file:registerfile|r_reg[7][52]      ; Merged with reg_file:registerfile|r_reg[15][58] ;
; controller:cam_controller|m_reg[15][6]  ; Merged with reg_file:registerfile|r_reg[15][58] ;
; reg_file:registerfile|r_reg[11][58]     ; Merged with reg_file:registerfile|r_reg[15][58] ;
; controller:cam_controller|m_reg[15][4]  ; Merged with reg_file:registerfile|r_reg[15][58] ;
; reg_file:registerfile|r_reg[7][50]      ; Merged with reg_file:registerfile|r_reg[15][58] ;
; controller:cam_controller|m_reg[15][2]  ; Merged with reg_file:registerfile|r_reg[15][58] ;
; reg_file:registerfile|r_reg[15][56]     ; Merged with reg_file:registerfile|r_reg[15][58] ;
; controller:cam_controller|m_reg[15][0]  ; Merged with reg_file:registerfile|r_reg[15][58] ;
; reg_file:registerfile|r_reg[7][48]      ; Merged with reg_file:registerfile|r_reg[15][58] ;
; controller:cam_controller|m_reg[11][30] ; Merged with reg_file:registerfile|r_reg[15][58] ;
; reg_file:registerfile|r_reg[11][56]     ; Merged with reg_file:registerfile|r_reg[15][58] ;
; controller:cam_controller|m_reg[11][28] ; Merged with reg_file:registerfile|r_reg[15][58] ;
; reg_file:registerfile|r_reg[7][46]      ; Merged with reg_file:registerfile|r_reg[15][58] ;
; controller:cam_controller|m_reg[11][26] ; Merged with reg_file:registerfile|r_reg[15][58] ;
; reg_file:registerfile|r_reg[15][28]     ; Merged with reg_file:registerfile|r_reg[15][58] ;
; controller:cam_controller|m_reg[11][24] ; Merged with reg_file:registerfile|r_reg[15][58] ;
; reg_file:registerfile|r_reg[7][44]      ; Merged with reg_file:registerfile|r_reg[15][58] ;
; controller:cam_controller|m_reg[11][22] ; Merged with reg_file:registerfile|r_reg[15][58] ;
; reg_file:registerfile|r_reg[11][54]     ; Merged with reg_file:registerfile|r_reg[15][58] ;
; controller:cam_controller|m_reg[11][20] ; Merged with reg_file:registerfile|r_reg[15][58] ;
; reg_file:registerfile|r_reg[7][42]      ; Merged with reg_file:registerfile|r_reg[15][58] ;
; controller:cam_controller|m_reg[11][18] ; Merged with reg_file:registerfile|r_reg[15][58] ;
; reg_file:registerfile|r_reg[15][46]     ; Merged with reg_file:registerfile|r_reg[15][58] ;
; controller:cam_controller|m_reg[11][16] ; Merged with reg_file:registerfile|r_reg[15][58] ;
; reg_file:registerfile|r_reg[7][40]      ; Merged with reg_file:registerfile|r_reg[15][58] ;
; controller:cam_controller|m_reg[11][14] ; Merged with reg_file:registerfile|r_reg[15][58] ;
; reg_file:registerfile|r_reg[11][52]     ; Merged with reg_file:registerfile|r_reg[15][58] ;
; controller:cam_controller|m_reg[11][12] ; Merged with reg_file:registerfile|r_reg[15][58] ;
; reg_file:registerfile|r_reg[7][38]      ; Merged with reg_file:registerfile|r_reg[15][58] ;
; controller:cam_controller|m_reg[11][10] ; Merged with reg_file:registerfile|r_reg[15][58] ;
; reg_file:registerfile|r_reg[15][26]     ; Merged with reg_file:registerfile|r_reg[15][58] ;
; controller:cam_controller|m_reg[11][1]  ; Merged with reg_file:registerfile|r_reg[15][53] ;
; controller:cam_controller|m_reg[3][1]   ; Merged with reg_file:registerfile|r_reg[15][53] ;
; reg_file:registerfile|r_reg[7][1]       ; Merged with reg_file:registerfile|r_reg[15][53] ;
; controller:cam_controller|m_reg[15][1]  ; Merged with reg_file:registerfile|r_reg[15][53] ;
; reg_file:registerfile|r_reg[3][33]      ; Merged with reg_file:registerfile|r_reg[15][53] ;
; reg_file:registerfile|r_reg[7][33]      ; Merged with reg_file:registerfile|r_reg[15][53] ;
; controller:cam_controller|m_reg[7][1]   ; Merged with reg_file:registerfile|r_reg[15][53] ;
; reg_file:registerfile|r_reg[11][33]     ; Merged with reg_file:registerfile|r_reg[15][53] ;
; reg_file:registerfile|r_reg[3][49]      ; Merged with reg_file:registerfile|r_reg[15][53] ;
; reg_file:registerfile|r_reg[11][17]     ; Merged with reg_file:registerfile|r_reg[15][53] ;
; controller:cam_controller|m_reg[15][17] ; Merged with reg_file:registerfile|r_reg[15][53] ;
; reg_file:registerfile|r_reg[3][17]      ; Merged with reg_file:registerfile|r_reg[15][53] ;
; reg_file:registerfile|r_reg[7][49]      ; Merged with reg_file:registerfile|r_reg[15][53] ;
; controller:cam_controller|m_reg[11][17] ; Merged with reg_file:registerfile|r_reg[15][53] ;
; reg_file:registerfile|r_reg[11][49]     ; Merged with reg_file:registerfile|r_reg[15][53] ;
; controller:cam_controller|m_reg[7][17]  ; Merged with reg_file:registerfile|r_reg[15][53] ;
; reg_file:registerfile|r_reg[7][17]      ; Merged with reg_file:registerfile|r_reg[15][53] ;
; controller:cam_controller|m_reg[3][17]  ; Merged with reg_file:registerfile|r_reg[15][53] ;
; reg_file:registerfile|r_reg[15][17]     ; Merged with reg_file:registerfile|r_reg[15][53] ;
; reg_file:registerfile|r_reg[3][57]      ; Merged with reg_file:registerfile|r_reg[15][53] ;
; reg_file:registerfile|r_reg[11][25]     ; Merged with reg_file:registerfile|r_reg[15][53] ;
; reg_file:registerfile|r_reg[3][41]      ; Merged with reg_file:registerfile|r_reg[15][53] ;
; reg_file:registerfile|r_reg[15][9]      ; Merged with reg_file:registerfile|r_reg[15][53] ;
; reg_file:registerfile|r_reg[3][25]      ; Merged with reg_file:registerfile|r_reg[15][53] ;
; reg_file:registerfile|r_reg[11][9]      ; Merged with reg_file:registerfile|r_reg[15][53] ;
; controller:cam_controller|m_reg[15][25] ; Merged with reg_file:registerfile|r_reg[15][53] ;
; reg_file:registerfile|r_reg[3][9]       ; Merged with reg_file:registerfile|r_reg[15][53] ;
; reg_file:registerfile|r_reg[7][57]      ; Merged with reg_file:registerfile|r_reg[15][53] ;
; controller:cam_controller|m_reg[15][9]  ; Merged with reg_file:registerfile|r_reg[15][53] ;
; reg_file:registerfile|r_reg[11][57]     ; Merged with reg_file:registerfile|r_reg[15][53] ;
; controller:cam_controller|m_reg[11][25] ; Merged with reg_file:registerfile|r_reg[15][53] ;
; reg_file:registerfile|r_reg[7][41]      ; Merged with reg_file:registerfile|r_reg[15][53] ;
; controller:cam_controller|m_reg[11][9]  ; Merged with reg_file:registerfile|r_reg[15][53] ;
; reg_file:registerfile|r_reg[15][25]     ; Merged with reg_file:registerfile|r_reg[15][53] ;
; controller:cam_controller|m_reg[7][25]  ; Merged with reg_file:registerfile|r_reg[15][53] ;
; reg_file:registerfile|r_reg[7][25]      ; Merged with reg_file:registerfile|r_reg[15][53] ;
; controller:cam_controller|m_reg[7][9]   ; Merged with reg_file:registerfile|r_reg[15][53] ;
; reg_file:registerfile|r_reg[11][41]     ; Merged with reg_file:registerfile|r_reg[15][53] ;
; controller:cam_controller|m_reg[3][25]  ; Merged with reg_file:registerfile|r_reg[15][53] ;
; reg_file:registerfile|r_reg[7][9]       ; Merged with reg_file:registerfile|r_reg[15][53] ;
; controller:cam_controller|m_reg[3][9]   ; Merged with reg_file:registerfile|r_reg[15][53] ;
; reg_file:registerfile|r_reg[15][41]     ; Merged with reg_file:registerfile|r_reg[15][53] ;
; reg_file:registerfile|r_reg[3][61]      ; Merged with reg_file:registerfile|r_reg[15][53] ;
; reg_file:registerfile|r_reg[11][29]     ; Merged with reg_file:registerfile|r_reg[15][53] ;
; reg_file:registerfile|r_reg[3][53]      ; Merged with reg_file:registerfile|r_reg[15][53] ;
; reg_file:registerfile|r_reg[15][13]     ; Merged with reg_file:registerfile|r_reg[15][53] ;
; reg_file:registerfile|r_reg[3][45]      ; Merged with reg_file:registerfile|r_reg[15][53] ;
; reg_file:registerfile|r_reg[11][21]     ; Merged with reg_file:registerfile|r_reg[15][53] ;
; reg_file:registerfile|r_reg[3][37]      ; Merged with reg_file:registerfile|r_reg[15][53] ;
; reg_file:registerfile|r_reg[15][37]     ; Merged with reg_file:registerfile|r_reg[15][53] ;
; reg_file:registerfile|r_reg[3][29]      ; Merged with reg_file:registerfile|r_reg[15][53] ;
; reg_file:registerfile|r_reg[11][13]     ; Merged with reg_file:registerfile|r_reg[15][53] ;
; reg_file:registerfile|r_reg[3][21]      ; Merged with reg_file:registerfile|r_reg[15][53] ;
; reg_file:registerfile|r_reg[15][5]      ; Merged with reg_file:registerfile|r_reg[15][53] ;
; reg_file:registerfile|r_reg[3][13]      ; Merged with reg_file:registerfile|r_reg[15][53] ;
; reg_file:registerfile|r_reg[11][5]      ; Merged with reg_file:registerfile|r_reg[15][53] ;
; controller:cam_controller|m_reg[15][29] ; Merged with reg_file:registerfile|r_reg[15][53] ;
; reg_file:registerfile|r_reg[3][5]       ; Merged with reg_file:registerfile|r_reg[15][53] ;
; reg_file:registerfile|r_reg[7][61]      ; Merged with reg_file:registerfile|r_reg[15][53] ;
; controller:cam_controller|m_reg[15][21] ; Merged with reg_file:registerfile|r_reg[15][53] ;
; reg_file:registerfile|r_reg[11][61]     ; Merged with reg_file:registerfile|r_reg[15][53] ;
; controller:cam_controller|m_reg[15][13] ; Merged with reg_file:registerfile|r_reg[15][53] ;
; reg_file:registerfile|r_reg[7][53]      ; Merged with reg_file:registerfile|r_reg[15][53] ;
; controller:cam_controller|m_reg[15][5]  ; Merged with reg_file:registerfile|r_reg[15][53] ;
; reg_file:registerfile|r_reg[15][29]     ; Merged with reg_file:registerfile|r_reg[15][53] ;
; controller:cam_controller|m_reg[11][29] ; Merged with reg_file:registerfile|r_reg[15][53] ;
; reg_file:registerfile|r_reg[7][45]      ; Merged with reg_file:registerfile|r_reg[15][53] ;
; controller:cam_controller|m_reg[11][21] ; Merged with reg_file:registerfile|r_reg[15][53] ;
; reg_file:registerfile|r_reg[11][53]     ; Merged with reg_file:registerfile|r_reg[15][53] ;
; controller:cam_controller|m_reg[11][13] ; Merged with reg_file:registerfile|r_reg[15][53] ;
; reg_file:registerfile|r_reg[7][37]      ; Merged with reg_file:registerfile|r_reg[15][53] ;
; controller:cam_controller|m_reg[11][5]  ; Merged with reg_file:registerfile|r_reg[15][53] ;
; reg_file:registerfile|r_reg[15][45]     ; Merged with reg_file:registerfile|r_reg[15][53] ;
; controller:cam_controller|m_reg[7][29]  ; Merged with reg_file:registerfile|r_reg[15][53] ;
; reg_file:registerfile|r_reg[7][29]      ; Merged with reg_file:registerfile|r_reg[15][53] ;
; controller:cam_controller|m_reg[7][21]  ; Merged with reg_file:registerfile|r_reg[15][53] ;
; reg_file:registerfile|r_reg[11][45]     ; Merged with reg_file:registerfile|r_reg[15][53] ;
; controller:cam_controller|m_reg[7][13]  ; Merged with reg_file:registerfile|r_reg[15][53] ;
; reg_file:registerfile|r_reg[7][21]      ; Merged with reg_file:registerfile|r_reg[15][53] ;
; controller:cam_controller|m_reg[7][5]   ; Merged with reg_file:registerfile|r_reg[15][53] ;
; reg_file:registerfile|r_reg[15][21]     ; Merged with reg_file:registerfile|r_reg[15][53] ;
; controller:cam_controller|m_reg[3][29]  ; Merged with reg_file:registerfile|r_reg[15][53] ;
; reg_file:registerfile|r_reg[7][13]      ; Merged with reg_file:registerfile|r_reg[15][53] ;
; controller:cam_controller|m_reg[3][21]  ; Merged with reg_file:registerfile|r_reg[15][53] ;
; reg_file:registerfile|r_reg[11][37]     ; Merged with reg_file:registerfile|r_reg[15][53] ;
; controller:cam_controller|m_reg[3][13]  ; Merged with reg_file:registerfile|r_reg[15][53] ;
; reg_file:registerfile|r_reg[7][5]       ; Merged with reg_file:registerfile|r_reg[15][53] ;
; controller:cam_controller|m_reg[3][5]   ; Merged with reg_file:registerfile|r_reg[15][53] ;
; reg_file:registerfile|r_reg[3][63]      ; Merged with reg_file:registerfile|r_reg[15][53] ;
; reg_file:registerfile|r_reg[11][31]     ; Merged with reg_file:registerfile|r_reg[15][53] ;
; reg_file:registerfile|r_reg[3][59]      ; Merged with reg_file:registerfile|r_reg[15][53] ;
; reg_file:registerfile|r_reg[15][15]     ; Merged with reg_file:registerfile|r_reg[15][53] ;
; reg_file:registerfile|r_reg[3][55]      ; Merged with reg_file:registerfile|r_reg[15][53] ;
; reg_file:registerfile|r_reg[11][27]     ; Merged with reg_file:registerfile|r_reg[15][53] ;
; reg_file:registerfile|r_reg[3][51]      ; Merged with reg_file:registerfile|r_reg[15][53] ;
; reg_file:registerfile|r_reg[15][39]     ; Merged with reg_file:registerfile|r_reg[15][53] ;
; reg_file:registerfile|r_reg[3][47]      ; Merged with reg_file:registerfile|r_reg[15][53] ;
; reg_file:registerfile|r_reg[11][23]     ; Merged with reg_file:registerfile|r_reg[15][53] ;
; reg_file:registerfile|r_reg[3][43]      ; Merged with reg_file:registerfile|r_reg[15][53] ;
; reg_file:registerfile|r_reg[15][11]     ; Merged with reg_file:registerfile|r_reg[15][53] ;
; reg_file:registerfile|r_reg[15][59]     ; Merged with reg_file:registerfile|r_reg[15][63] ;
; reg_file:registerfile|r_reg[15][53]     ; Merged with reg_file:registerfile|r_reg[15][63] ;
; reg_file:registerfile|r_reg[15][58]     ; Merged with reg_file:registerfile|r_reg[15][63] ;
; reg_file:registerfile|r_reg[15][63]     ; Stuck at GND due to stuck port data_in          ;
; Total Number of Removed Registers = 384 ;                                                 ;
+-----------------------------------------+-------------------------------------------------+


+------------------------------------------------------+
; General Register Statistics                          ;
+----------------------------------------------+-------+
; Statistic                                    ; Value ;
+----------------------------------------------+-------+
; Total registers                              ; 1156  ;
; Number of registers using Synchronous Clear  ; 0     ;
; Number of registers using Synchronous Load   ; 0     ;
; Number of registers using Asynchronous Clear ; 1156  ;
; Number of registers using Asynchronous Load  ; 0     ;
; Number of registers using Clock Enable       ; 1152  ;
; Number of registers using Preset             ; 0     ;
+----------------------------------------------+-------+


+------------------------------------------------------------------------------------------------------------------------------------------------+
; Multiplexer Restructuring Statistics (Restructuring Performed)                                                                                 ;
+--------------------+-----------+---------------+----------------------+------------------------+------------+----------------------------------+
; Multiplexer Inputs ; Bus Width ; Baseline Area ; Area if Restructured ; Saving if Restructured ; Registered ; Example Multiplexer Output       ;
+--------------------+-----------+---------------+----------------------+------------------------+------------+----------------------------------+
; 16:1               ; 64 bits   ; 640 LEs       ; 512 LEs              ; 128 LEs                ; No         ; |cam|reg_file:registerfile|Mux59 ;
+--------------------+-----------+---------------+----------------------+------------------------+------------+----------------------------------+


+-------------------------------+
; Elapsed Time Per Partition    ;
+----------------+--------------+
; Partition Name ; Elapsed Time ;
+----------------+--------------+
; Top            ; 00:00:05     ;
+----------------+--------------+


+-------------------------------+
; Analysis & Synthesis Messages ;
+-------------------------------+
Info: *******************************************************************
Info: Running Quartus II 64-Bit Analysis & Synthesis
    Info: Version 13.1.0 Build 162 10/23/2013 SJ Web Edition
    Info: Processing started: Fri Jun 16 01:16:41 2023
Info: Command: quartus_map --read_settings_files=on --write_settings_files=off cam -c cam
Warning (20028): Parallel compilation is not licensed and has been disabled
Info (12021): Found 2 design units, including 1 entities, in source file reg_file.vhd
    Info (12022): Found design unit 1: reg_file-behavioral
    Info (12023): Found entity 1: reg_file
Info (12021): Found 2 design units, including 1 entities, in source file controller.vhd
    Info (12022): Found design unit 1: controller-behavioral
    Info (12023): Found entity 1: controller
Info (12021): Found 2 design units, including 1 entities, in source file cam.vhd
    Info (12022): Found design unit 1: cam-behavioral
    Info (12023): Found entity 1: cam
Info (12021): Found 2 design units, including 1 entities, in source file tb_cam.vhd
    Info (12022): Found design unit 1: tb_cam-behavioral
    Info (12023): Found entity 1: tb_cam
Info (12127): Elaborating entity "cam" for the top level hierarchy
Info (12128): Elaborating entity "controller" for hierarchy "controller:cam_controller"
Info (12128): Elaborating entity "reg_file" for hierarchy "reg_file:registerfile"
Info (286030): Timing-Driven Synthesis is running
Info (16010): Generating hard_block partition "hard_block:auto_generated_inst"
    Info (16011): Adding 0 node(s), including 0 DDIO, 0 PLL, 0 transceiver and 0 LCELL
Info (21057): Implemented 2011 device resources after synthesis - the final resource count might be different
    Info (21058): Implemented 99 input pins
    Info (21059): Implemented 65 output pins
    Info (21061): Implemented 1847 logic cells
Info: Quartus II 64-Bit Analysis & Synthesis was successful. 0 errors, 1 warning
    Info: Peak virtual memory: 4662 megabytes
    Info: Processing ended: Fri Jun 16 01:16:48 2023
    Info: Elapsed time: 00:00:07
    Info: Total CPU time (on all processors): 00:00:07


